[    2089ms] [LOG] Supabase Studio is running commit 4c77ab5fef3ceae480697cb5b504a9c64d1df253 deployed at 2026-05-14 21:52:43 +02:00. @ https://frontend-assets.supabase.com/studio/4c77ab5fef3c/_next/static/chunks/08is7pw6wff5n.js?dpl=dpl_BXbjDMD7wwV9kZXkLReawWciDMnN:12
[    2394ms] [ERROR] Failed to load resource: the server responded with a status of 401 () @ https://api.supabase.com/platform/notifications?offset=0&limit=20&status=new%2Cseen:0
[    2429ms] [ERROR] Flag key "headerUpgradeCta" does not exist in PostHog flag store @ https://frontend-assets.supabase.com/studio/4c77ab5fef3c/_next/static/chunks/08is7pw6wff5n.js?dpl=dpl_BXbjDMD7wwV9kZXkLReawWciDMnN:12
[   21327ms] Uncaught Error: Minified React error #425; visit https://reactjs.org/docs/error-decoder.html?invariant=425 for the full message or use the non-minified dev environment for full errors and additional helpful warnings.
    at rh (https://frontend-assets.supabase.com/studio/4c77ab5fef3c/_next/static/chunks/0i8wy8tbht2ow.js?dpl=dpl_BXbjDMD7wwV9kZXkLReawWciDMnN:1:44119)
    at <anonymous> (https://frontend-assets.supabase.com/studio/4c77ab5fef3c/_next/static/chunks/0i8wy8tbht2ow.js?dpl=dpl_BXbjDMD7wwV9kZXkLReawWciDMnN:1:104492)
    at oO (https://frontend-assets.supabase.com/studio/4c77ab5fef3c/_next/static/chunks/0i8wy8tbht2ow.js?dpl=dpl_BXbjDMD7wwV9kZXkLReawWciDMnN:1:110000)
    at oD (https://frontend-assets.supabase.com/studio/4c77ab5fef3c/_next/static/chunks/0i8wy8tbht2ow.js?dpl=dpl_BXbjDMD7wwV9kZXkLReawWciDMnN:1:102951)
    at oR (https://frontend-assets.supabase.com/studio/4c77ab5fef3c/_next/static/chunks/0i8wy8tbht2ow.js?dpl=dpl_BXbjDMD7wwV9kZXkLReawWciDMnN:1:102761)
    at oS (https://frontend-assets.supabase.com/studio/4c77ab5fef3c/_next/static/chunks/0i8wy8tbht2ow.js?dpl=dpl_BXbjDMD7wwV9kZXkLReawWciDMnN:1:97834)
    at E (https://frontend-assets.supabase.com/studio/4c77ab5fef3c/_next/static/chunks/0i8wy8tbht2ow.js?dpl=dpl_BXbjDMD7wwV9kZXkLReawWciDMnN:1:1491)
    at L (https://frontend-assets.supabase.com/studio/4c77ab5fef3c/_next/static/chunks/0i8wy8tbht2ow.js?dpl=dpl_BXbjDMD7wwV9kZXkLReawWciDMnN:1:2012)
[   21328ms] Uncaught Error: Minified React error #418; visit https://reactjs.org/docs/error-decoder.html?invariant=418 for the full message or use the non-minified dev environment for full errors and additional helpful warnings.
    at lg (https://frontend-assets.supabase.com/studio/4c77ab5fef3c/_next/static/chunks/0i8wy8tbht2ow.js?dpl=dpl_BXbjDMD7wwV9kZXkLReawWciDMnN:1:50409)
    at i (https://frontend-assets.supabase.com/studio/4c77ab5fef3c/_next/static/chunks/0i8wy8tbht2ow.js?dpl=dpl_BXbjDMD7wwV9kZXkLReawWciDMnN:1:124903)
    at oD (https://frontend-assets.supabase.com/studio/4c77ab5fef3c/_next/static/chunks/0i8wy8tbht2ow.js?dpl=dpl_BXbjDMD7wwV9kZXkLReawWciDMnN:1:102891)
    at oR (https://frontend-assets.supabase.com/studio/4c77ab5fef3c/_next/static/chunks/0i8wy8tbht2ow.js?dpl=dpl_BXbjDMD7wwV9kZXkLReawWciDMnN:1:102761)
    at oS (https://frontend-assets.supabase.com/studio/4c77ab5fef3c/_next/static/chunks/0i8wy8tbht2ow.js?dpl=dpl_BXbjDMD7wwV9kZXkLReawWciDMnN:1:97834)
    at E (https://frontend-assets.supabase.com/studio/4c77ab5fef3c/_next/static/chunks/0i8wy8tbht2ow.js?dpl=dpl_BXbjDMD7wwV9kZXkLReawWciDMnN:1:1491)
    at L (https://frontend-assets.supabase.com/studio/4c77ab5fef3c/_next/static/chunks/0i8wy8tbht2ow.js?dpl=dpl_BXbjDMD7wwV9kZXkLReawWciDMnN:1:2012)
[   21328ms] Uncaught Error: Minified React error #418; visit https://reactjs.org/docs/error-decoder.html?invariant=418 for the full message or use the non-minified dev environment for full errors and additional helpful warnings.
    at lg (https://frontend-assets.supabase.com/studio/4c77ab5fef3c/_next/static/chunks/0i8wy8tbht2ow.js?dpl=dpl_BXbjDMD7wwV9kZXkLReawWciDMnN:1:50409)
    at i (https://frontend-assets.supabase.com/studio/4c77ab5fef3c/_next/static/chunks/0i8wy8tbht2ow.js?dpl=dpl_BXbjDMD7wwV9kZXkLReawWciDMnN:1:124903)
    at oD (https://frontend-assets.supabase.com/studio/4c77ab5fef3c/_next/static/chunks/0i8wy8tbht2ow.js?dpl=dpl_BXbjDMD7wwV9kZXkLReawWciDMnN:1:102891)
    at oR (https://frontend-assets.supabase.com/studio/4c77ab5fef3c/_next/static/chunks/0i8wy8tbht2ow.js?dpl=dpl_BXbjDMD7wwV9kZXkLReawWciDMnN:1:102761)
    at oS (https://frontend-assets.supabase.com/studio/4c77ab5fef3c/_next/static/chunks/0i8wy8tbht2ow.js?dpl=dpl_BXbjDMD7wwV9kZXkLReawWciDMnN:1:97834)
    at E (https://frontend-assets.supabase.com/studio/4c77ab5fef3c/_next/static/chunks/0i8wy8tbht2ow.js?dpl=dpl_BXbjDMD7wwV9kZXkLReawWciDMnN:1:1491)
    at L (https://frontend-assets.supabase.com/studio/4c77ab5fef3c/_next/static/chunks/0i8wy8tbht2ow.js?dpl=dpl_BXbjDMD7wwV9kZXkLReawWciDMnN:1:2012)
[   21329ms] Uncaught Error: Minified React error #418; visit https://reactjs.org/docs/error-decoder.html?invariant=418 for the full message or use the non-minified dev environment for full errors and additional helpful warnings.
    at lg (https://frontend-assets.supabase.com/studio/4c77ab5fef3c/_next/static/chunks/0i8wy8tbht2ow.js?dpl=dpl_BXbjDMD7wwV9kZXkLReawWciDMnN:1:50409)
    at i (https://frontend-assets.supabase.com/studio/4c77ab5fef3c/_next/static/chunks/0i8wy8tbht2ow.js?dpl=dpl_BXbjDMD7wwV9kZXkLReawWciDMnN:1:124903)
    at oD (https://frontend-assets.supabase.com/studio/4c77ab5fef3c/_next/static/chunks/0i8wy8tbht2ow.js?dpl=dpl_BXbjDMD7wwV9kZXkLReawWciDMnN:1:102891)
    at oR (https://frontend-assets.supabase.com/studio/4c77ab5fef3c/_next/static/chunks/0i8wy8tbht2ow.js?dpl=dpl_BXbjDMD7wwV9kZXkLReawWciDMnN:1:102761)
    at oS (https://frontend-assets.supabase.com/studio/4c77ab5fef3c/_next/static/chunks/0i8wy8tbht2ow.js?dpl=dpl_BXbjDMD7wwV9kZXkLReawWciDMnN:1:97834)
    at E (https://frontend-assets.supabase.com/studio/4c77ab5fef3c/_next/static/chunks/0i8wy8tbht2ow.js?dpl=dpl_BXbjDMD7wwV9kZXkLReawWciDMnN:1:1491)
    at L (https://frontend-assets.supabase.com/studio/4c77ab5fef3c/_next/static/chunks/0i8wy8tbht2ow.js?dpl=dpl_BXbjDMD7wwV9kZXkLReawWciDMnN:1:2012)
[   21329ms] Uncaught Error: Minified React error #418; visit https://reactjs.org/docs/error-decoder.html?invariant=418 for the full message or use the non-minified dev environment for full errors and additional helpful warnings.
    at lg (https://frontend-assets.supabase.com/studio/4c77ab5fef3c/_next/static/chunks/0i8wy8tbht2ow.js?dpl=dpl_BXbjDMD7wwV9kZXkLReawWciDMnN:1:50409)
    at i (https://frontend-assets.supabase.com/studio/4c77ab5fef3c/_next/static/chunks/0i8wy8tbht2ow.js?dpl=dpl_BXbjDMD7wwV9kZXkLReawWciDMnN:1:124903)
    at oD (https://frontend-assets.supabase.com/studio/4c77ab5fef3c/_next/static/chunks/0i8wy8tbht2ow.js?dpl=dpl_BXbjDMD7wwV9kZXkLReawWciDMnN:1:102891)
    at oR (https://frontend-assets.supabase.com/studio/4c77ab5fef3c/_next/static/chunks/0i8wy8tbht2ow.js?dpl=dpl_BXbjDMD7wwV9kZXkLReawWciDMnN:1:102761)
    at oS (https://frontend-assets.supabase.com/studio/4c77ab5fef3c/_next/static/chunks/0i8wy8tbht2ow.js?dpl=dpl_BXbjDMD7wwV9kZXkLReawWciDMnN:1:97834)
    at E (https://frontend-assets.supabase.com/studio/4c77ab5fef3c/_next/static/chunks/0i8wy8tbht2ow.js?dpl=dpl_BXbjDMD7wwV9kZXkLReawWciDMnN:1:1491)
    at L (https://frontend-assets.supabase.com/studio/4c77ab5fef3c/_next/static/chunks/0i8wy8tbht2ow.js?dpl=dpl_BXbjDMD7wwV9kZXkLReawWciDMnN:1:2012)
[   21329ms] Uncaught Error: Minified React error #418; visit https://reactjs.org/docs/error-decoder.html?invariant=418 for the full message or use the non-minified dev environment for full errors and additional helpful warnings.
    at lg (https://frontend-assets.supabase.com/studio/4c77ab5fef3c/_next/static/chunks/0i8wy8tbht2ow.js?dpl=dpl_BXbjDMD7wwV9kZXkLReawWciDMnN:1:50409)
    at i (https://frontend-assets.supabase.com/studio/4c77ab5fef3c/_next/static/chunks/0i8wy8tbht2ow.js?dpl=dpl_BXbjDMD7wwV9kZXkLReawWciDMnN:1:124903)
    at oD (https://frontend-assets.supabase.com/studio/4c77ab5fef3c/_next/static/chunks/0i8wy8tbht2ow.js?dpl=dpl_BXbjDMD7wwV9kZXkLReawWciDMnN:1:102891)
    at oR (https://frontend-assets.supabase.com/studio/4c77ab5fef3c/_next/static/chunks/0i8wy8tbht2ow.js?dpl=dpl_BXbjDMD7wwV9kZXkLReawWciDMnN:1:102761)
    at oS (https://frontend-assets.supabase.com/studio/4c77ab5fef3c/_next/static/chunks/0i8wy8tbht2ow.js?dpl=dpl_BXbjDMD7wwV9kZXkLReawWciDMnN:1:97834)
    at E (https://frontend-assets.supabase.com/studio/4c77ab5fef3c/_next/static/chunks/0i8wy8tbht2ow.js?dpl=dpl_BXbjDMD7wwV9kZXkLReawWciDMnN:1:1491)
    at L (https://frontend-assets.supabase.com/studio/4c77ab5fef3c/_next/static/chunks/0i8wy8tbht2ow.js?dpl=dpl_BXbjDMD7wwV9kZXkLReawWciDMnN:1:2012)
[   21330ms] Uncaught Error: Minified React error #418; visit https://reactjs.org/docs/error-decoder.html?invariant=418 for the full message or use the non-minified dev environment for full errors and additional helpful warnings.
    at lg (https://frontend-assets.supabase.com/studio/4c77ab5fef3c/_next/static/chunks/0i8wy8tbht2ow.js?dpl=dpl_BXbjDMD7wwV9kZXkLReawWciDMnN:1:50409)
    at i (https://frontend-assets.supabase.com/studio/4c77ab5fef3c/_next/static/chunks/0i8wy8tbht2ow.js?dpl=dpl_BXbjDMD7wwV9kZXkLReawWciDMnN:1:124903)
    at oD (https://frontend-assets.supabase.com/studio/4c77ab5fef3c/_next/static/chunks/0i8wy8tbht2ow.js?dpl=dpl_BXbjDMD7wwV9kZXkLReawWciDMnN:1:102891)
    at oR (https://frontend-assets.supabase.com/studio/4c77ab5fef3c/_next/static/chunks/0i8wy8tbht2ow.js?dpl=dpl_BXbjDMD7wwV9kZXkLReawWciDMnN:1:102761)
    at oS (https://frontend-assets.supabase.com/studio/4c77ab5fef3c/_next/static/chunks/0i8wy8tbht2ow.js?dpl=dpl_BXbjDMD7wwV9kZXkLReawWciDMnN:1:97834)
    at E (https://frontend-assets.supabase.com/studio/4c77ab5fef3c/_next/static/chunks/0i8wy8tbht2ow.js?dpl=dpl_BXbjDMD7wwV9kZXkLReawWciDMnN:1:1491)
    at L (https://frontend-assets.supabase.com/studio/4c77ab5fef3c/_next/static/chunks/0i8wy8tbht2ow.js?dpl=dpl_BXbjDMD7wwV9kZXkLReawWciDMnN:1:2012)
[   21331ms] Uncaught Error: Minified React error #418; visit https://reactjs.org/docs/error-decoder.html?invariant=418 for the full message or use the non-minified dev environment for full errors and additional helpful warnings.
    at lg (https://frontend-assets.supabase.com/studio/4c77ab5fef3c/_next/static/chunks/0i8wy8tbht2ow.js?dpl=dpl_BXbjDMD7wwV9kZXkLReawWciDMnN:1:50409)
    at i (https://frontend-assets.supabase.com/studio/4c77ab5fef3c/_next/static/chunks/0i8wy8tbht2ow.js?dpl=dpl_BXbjDMD7wwV9kZXkLReawWciDMnN:1:124903)
    at oD (https://frontend-assets.supabase.com/studio/4c77ab5fef3c/_next/static/chunks/0i8wy8tbht2ow.js?dpl=dpl_BXbjDMD7wwV9kZXkLReawWciDMnN:1:102891)
    at oR (https://frontend-assets.supabase.com/studio/4c77ab5fef3c/_next/static/chunks/0i8wy8tbht2ow.js?dpl=dpl_BXbjDMD7wwV9kZXkLReawWciDMnN:1:102761)
    at oS (https://frontend-assets.supabase.com/studio/4c77ab5fef3c/_next/static/chunks/0i8wy8tbht2ow.js?dpl=dpl_BXbjDMD7wwV9kZXkLReawWciDMnN:1:97834)
    at E (https://frontend-assets.supabase.com/studio/4c77ab5fef3c/_next/static/chunks/0i8wy8tbht2ow.js?dpl=dpl_BXbjDMD7wwV9kZXkLReawWciDMnN:1:1491)
    at L (https://frontend-assets.supabase.com/studio/4c77ab5fef3c/_next/static/chunks/0i8wy8tbht2ow.js?dpl=dpl_BXbjDMD7wwV9kZXkLReawWciDMnN:1:2012)
[   21331ms] Uncaught Error: No QueryClient set, use QueryClientProvider to set one
    at <anonymous> (https://frontend-assets.supabase.com/studio/4c77ab5fef3c/_next/static/chunks/0hq~gtr2cbnwx.js?dpl=dpl_BXbjDMD7wwV9kZXkLReawWciDMnN:1:4637)
    at f (https://frontend-assets.supabase.com/studio/4c77ab5fef3c/_next/static/chunks/0hq~gtr2cbnwx.js?dpl=dpl_BXbjDMD7wwV9kZXkLReawWciDMnN:3:18966)
    at <anonymous> (https://frontend-assets.supabase.com/studio/4c77ab5fef3c/_next/static/chunks/0hq~gtr2cbnwx.js?dpl=dpl_BXbjDMD7wwV9kZXkLReawWciDMnN:3:20173)
    at <anonymous> (https://frontend-assets.supabase.com/studio/4c77ab5fef3c/_next/static/chunks/07dtdym5ff416.js?dpl=dpl_BXbjDMD7wwV9kZXkLReawWciDMnN:1:18246)
    at <anonymous> (https://frontend-assets.supabase.com/studio/4c77ab5fef3c/_next/static/chunks/07dtdym5ff416.js?dpl=dpl_BXbjDMD7wwV9kZXkLReawWciDMnN:1:18434)
    at tr (https://frontend-assets.supabase.com/studio/4c77ab5fef3c/_next/static/chunks/0_iz_ebpmh8ng.js?dpl=dpl_BXbjDMD7wwV9kZXkLReawWciDMnN:1:31017)
    at ad (https://frontend-assets.supabase.com/studio/4c77ab5fef3c/_next/static/chunks/0i8wy8tbht2ow.js?dpl=dpl_BXbjDMD7wwV9kZXkLReawWciDMnN:1:62358)
    at i (https://frontend-assets.supabase.com/studio/4c77ab5fef3c/_next/static/chunks/0i8wy8tbht2ow.js?dpl=dpl_BXbjDMD7wwV9kZXkLReawWciDMnN:1:123210)
    at oD (https://frontend-assets.supabase.com/studio/4c77ab5fef3c/_next/static/chunks/0i8wy8tbht2ow.js?dpl=dpl_BXbjDMD7wwV9kZXkLReawWciDMnN:1:102891)
    at oR (https://frontend-assets.supabase.com/studio/4c77ab5fef3c/_next/static/chunks/0i8wy8tbht2ow.js?dpl=dpl_BXbjDMD7wwV9kZXkLReawWciDMnN:1:102761)
    at oS (https://frontend-assets.supabase.com/studio/4c77ab5fef3c/_next/static/chunks/0i8wy8tbht2ow.js?dpl=dpl_BXbjDMD7wwV9kZXkLReawWciDMnN:1:97834)
    at E (https://frontend-assets.supabase.com/studio/4c77ab5fef3c/_next/static/chunks/0i8wy8tbht2ow.js?dpl=dpl_BXbjDMD7wwV9kZXkLReawWciDMnN:1:1491)
    at L (https://frontend-assets.supabase.com/studio/4c77ab5fef3c/_next/static/chunks/0i8wy8tbht2ow.js?dpl=dpl_BXbjDMD7wwV9kZXkLReawWciDMnN:1:2012)
[   21331ms] Uncaught Error: Minified React error #423; visit https://reactjs.org/docs/error-decoder.html?invariant=423 for the full message or use the non-minified dev environment for full errors and additional helpful warnings.
    at i (https://frontend-assets.supabase.com/studio/4c77ab5fef3c/_next/static/chunks/0i8wy8tbht2ow.js?dpl=dpl_BXbjDMD7wwV9kZXkLReawWciDMnN:1:124562)
    at oD (https://frontend-assets.supabase.com/studio/4c77ab5fef3c/_next/static/chunks/0i8wy8tbht2ow.js?dpl=dpl_BXbjDMD7wwV9kZXkLReawWciDMnN:1:102891)
    at oR (https://frontend-assets.supabase.com/studio/4c77ab5fef3c/_next/static/chunks/0i8wy8tbht2ow.js?dpl=dpl_BXbjDMD7wwV9kZXkLReawWciDMnN:1:102761)
    at ox (https://frontend-assets.supabase.com/studio/4c77ab5fef3c/_next/static/chunks/0i8wy8tbht2ow.js?dpl=dpl_BXbjDMD7wwV9kZXkLReawWciDMnN:1:99532)
    at oS (https://frontend-assets.supabase.com/studio/4c77ab5fef3c/_next/static/chunks/0i8wy8tbht2ow.js?dpl=dpl_BXbjDMD7wwV9kZXkLReawWciDMnN:1:98087)
    at E (https://frontend-assets.supabase.com/studio/4c77ab5fef3c/_next/static/chunks/0i8wy8tbht2ow.js?dpl=dpl_BXbjDMD7wwV9kZXkLReawWciDMnN:1:1491)
    at L (https://frontend-assets.supabase.com/studio/4c77ab5fef3c/_next/static/chunks/0i8wy8tbht2ow.js?dpl=dpl_BXbjDMD7wwV9kZXkLReawWciDMnN:1:2012)
[   29133ms] [VERBOSE] [DOM] Password field is not contained in a form: (More info: https://goo.gl/9p2vKq) %o @ https://accounts.google.com/v3/signin/identifier?opparams=%253F&dsh=S-1641848023%3A1778789042243182&client_id=1078992815106-brpsupgvhheqg35tupphbh0qk9c32nq8.apps.googleusercontent.com&code_challenge=7B5-ZH_wb0c5O5zYhzw6PAvHt2bfzphN8Bz3sAneS5o&code_challenge_method=S256&nonce=7c7809c6b6628288b8a6cb8cdf76cbe6&o2v=2&prompt=select_account&redirect_uri=https%3A%2F%2Fgithub.com%2Fsessions%2Fsocial%2Fgoogle%2Fcallback&response_type=code&scope=openid+email+profile&service=lso&state=2f50825996238f798d4344b8bd9c32b6&flowName=GeneralOAuthFlow&continue=https%3A%2F%2Faccounts.google.com%2Fsignin%2Foauth%2Fconsent%3Fauthuser%3Dunknown%26part%3DAJi8hANiIobGzZJ68ZcVhejsmUnoWz_c8cBwDyOnt78WRkFh4anOEAz9M48nHC_FtEkOAjRQtktMCFqYfIefz3txTFt5ELkDWC-y6V9naFFgHveAhJMfghSXjMS2VtY77t_kLDoxYdtcfxs8dinZRqTlbn3gjDkYf7w5uz57swz5gt-u_Z7NhPWsJT--LcjQiKu0uDLDHqDB-thSha3cgoXHIkjdzr-b-l5HYRuehpak7zy23i1GV0nVvVfXUPggY9yTb8CrKMFk_HTyzpEE_TcX5RV42Yvc2-Bdy1BTbmCf_yVLXWUpLzQ9j87yyMzMX7OsYm08ETZzV5k5Z7MZv76um0Zjn7pyRcvis1O9xhATZPqBOBSD9M2ac_QKkGRZXIyDJC8n_8ucFRR3pR8fJQqhF13QS-cdhWp47pV3D-caT0YEyReYTQwg2-eMMKCbcmORAO0sR1xwsQqEYBcdlVhIPpSwrBMA6A%26flowName%3DGeneralOAuthFlow%26as%3DS-1641848023%253A1778789042243182%26client_id%3D1078992815106-brpsupgvhheqg35tupphbh0qk9c32nq8.apps.googleusercontent.com%26requestPath%3D%252Fsignin%252Foauth%252Fconsent%23&app_domain=https%3A%2F%2Fgithub.com&rart=ANgoxccoyymycdlhhPrI97TiTEo8QVkt1bp28e1Htl5PTxzdctsqzB_vA69FzTJzH_xWjHa6vu_Ltas6DAn91TwIrxDAR3H27K3LXxySmqdkvtu82ADXKqM:0
[   29148ms] [LOG] %c%s color: red; background: yellow; font-size: 24px; AVERTISSEMENT ! @ https://www.gstatic.com/_/mss/boq-identity/_/js/k=boq-identity.AccountsSignInUi.fr.4KKMzZBgBWc.es5.O/am=iW8AAACE4h8hA4D__38DAAggiA74ngVoAoQMAAAAAAAAAABYAAAAjQ/d=1/excm=_b,_tp,identifierview/ed=1/dg=0/wt=2/ujg=1/rs=AOaEmlGQOIfXBlrnZztLYX7HHWsUggZgHQ/dti=1/m=_b,_tp:545
[   29148ms] [LOG] %c%s font-size: 18px; En utilisant cette console, vous vous exposez au risque que des personnes malveillantes usurpent votre identité et volent vos informations grâce à une attaque appelée Self-XSS.
Ne saisissez pas et ne copiez pas du code que vous ne comprenez pas. @ https://www.gstatic.com/_/mss/boq-identity/_/js/k=boq-identity.AccountsSignInUi.fr.4KKMzZBgBWc.es5.O/am=iW8AAACE4h8hA4D__38DAAggiA74ngVoAoQMAAAAAAAAAABYAAAAjQ/d=1/excm=_b,_tp,identifierview/ed=1/dg=0/wt=2/ujg=1/rs=AOaEmlGQOIfXBlrnZztLYX7HHWsUggZgHQ/dti=1/m=_b,_tp:545
[   41808ms] [VERBOSE] [DOM] Password field is not contained in a form: (More info: https://goo.gl/9p2vKq) %o @ https://accounts.google.com/v3/signin/challenge/pwd?TL=APouJz7Vzt-QGHqC-BP0PJnDf3s_gjc2AMjwAzeUPLbXztEL0f9QW-KBAHDk0y9-&app_domain=https%3A%2F%2Fgithub.com&checkConnection=youtube%3A331&checkedDomains=youtube&cid=2&client_id=1078992815106-brpsupgvhheqg35tupphbh0qk9c32nq8.apps.googleusercontent.com&code_challenge=7B5-ZH_wb0c5O5zYhzw6PAvHt2bfzphN8Bz3sAneS5o&code_challenge_method=S256&continue=https%3A%2F%2Faccounts.google.com%2Fsignin%2Foauth%2Fconsent%3Fauthuser%3Dunknown%26part%3DAJi8hANiIobGzZJ68ZcVhejsmUnoWz_c8cBwDyOnt78WRkFh4anOEAz9M48nHC_FtEkOAjRQtktMCFqYfIefz3txTFt5ELkDWC-y6V9naFFgHveAhJMfghSXjMS2VtY77t_kLDoxYdtcfxs8dinZRqTlbn3gjDkYf7w5uz57swz5gt-u_Z7NhPWsJT--LcjQiKu0uDLDHqDB-thSha3cgoXHIkjdzr-b-l5HYRuehpak7zy23i1GV0nVvVfXUPggY9yTb8CrKMFk_HTyzpEE_TcX5RV42Yvc2-Bdy1BTbmCf_yVLXWUpLzQ9j87yyMzMX7OsYm08ETZzV5k5Z7MZv76um0Zjn7pyRcvis1O9xhATZPqBOBSD9M2ac_QKkGRZXIyDJC8n_8ucFRR3pR8fJQqhF13QS-cdhWp47pV3D-caT0YEyReYTQwg2-eMMKCbcmORAO0sR1xwsQqEYBcdlVhIPpSwrBMA6A%26flowName%3DGeneralOAuthFlow%26as%3DS-1641848023%253A1778789042243182%26client_id%3D1078992815106-brpsupgvhheqg35tupphbh0qk9c32nq8.apps.googleusercontent.com%26requestPath%3D%252Fsignin%252Foauth%252Fconsent%23&dsh=S-1641848023%3A1778789042243182&flowName=GeneralOAuthFlow&nonce=7c7809c6b6628288b8a6cb8cdf76cbe6&o2v=2&opparams=%253F&prompt=select_account&pstMsg=1&rart=ANgoxccoyymycdlhhPrI97TiTEo8QVkt1bp28e1Htl5PTxzdctsqzB_vA69FzTJzH_xWjHa6vu_Ltas6DAn91TwIrxDAR3H27K3LXxySmqdkvtu82ADXKqM&redirect_uri=https%3A%2F%2Fgithub.com%2Fsessions%2Fsocial%2Fgoogle%2Fcallback&response_type=code&scope=openid%20email%20profile&service=lso&state=2f50825996238f798d4344b8bd9c32b6:0
